Warning: environment variable COMPASS_PARAMETERS is not set, trying to use compass_parameters of the current path
 Running Prerequisite SgProject
ImplicitCast: /home/dagit/research/checkers/implicitCast/tests/cases/implicitCastTest2.f90:9.2: Implicit cast in Fortran code found:  expr 'y + 4.0' from real_4 to integer_4
