Warning: environment variable COMPASS_PARAMETERS is not set, trying to use compass_parameters of the current path
 Running Prerequisite SgProject
ImplicitCast: /home/dagit/research/checkers/implicitCast/tests/cases/implicitCastTest5.f90:21.2: Implicit cast in Fortran code found:  expr 'f() + 4' from real to integer
