Warning: environment variable COMPASS_PARAMETERS is not set, trying to use compass_parameters of the current path
 Running Prerequisite SgProject
ImplicitCast: /home/dagit/research/checkers/implicitCast/tests/cases/implicitCastTest10.f90:9.2: Implicit cast in Fortran code found:  expr 'x' from real to integer
