Warning: environment variable COMPASS_PARAMETERS is not set, trying to use compass_parameters of the current path
 Running Prerequisite SgProject
ImplicitCast: /home/dagit/research/checkers/implicitCast/tests/cases/integer2complex.f90:7.2: Implicit cast in Fortran code found:  expr 'from' from integer to complex
