Warning: environment variable COMPASS_PARAMETERS is not set, trying to use compass_parameters of the current path
 Running Prerequisite SgProject
Multiple Definitions: /home/dagit/research/checkers/multipleDefinitions/tests/cases/multipleDefinitionsTest4.f90:2.13-16: Multiple definitions in single declaration found: 'x, y'
